 Shark

 Timestamp is 671e61b2 (Sun Oct 27 23:52:18 2024)

 Preferred load address is 0000000140000000

 Start         Length     Name                   Class
 0001:00000000 00000600H .text                   CODE
 0001:00000600 00011480H .text$mn                CODE
 0001:00011a80 000001f0H .text$mn$00             CODE
 0001:00011c70 00000ed0H .text$s                 CODE
 0001:00012b40 00000095H .text$x                 CODE
 0002:00000000 00000076H INIT                    CODE
 0003:00000000 000002c0H .idata$5                DATA
 0003:000002c0 000023d4H .rdata                  DATA
 0003:00002694 00000108H .rdata$voltmd           DATA
 0003:0000279c 000001fcH .rdata$zzzdbg           DATA
 0003:00002998 00000658H .xdata                  DATA
 0003:00002ff0 00000064H .edata                  DATA
 0003:00003054 00000014H .idata$2                DATA
 0003:00003068 00000018H .idata$3                DATA
 0003:00003080 000002b8H .idata$4                DATA
 0003:00003338 000006beH .idata$6                DATA
 0004:00000000 00000420H .data                   DATA
 0004:00000420 000009acH .bss                    DATA
 0005:00000000 000006f0H .pdata                  DATA
 0006:00000000 000010d8H .block                  DATA
 0007:00000000 00000060H .rsrc$01                DATA
 0007:00000060 00000278H .rsrc$02                DATA

  Address         Publics by Value              Rva+Base               Lib:Object

 0000:00000000       __guard_longjmp_count      0000000000000000     <absolute>
 0000:00000000       __guard_check_icall_a64n_fptr 0000000000000000     <absolute>
 0000:00000000       __arm64x_redirection_metadata_count 0000000000000000     <absolute>
 0000:00000000       __guard_longjmp_table      0000000000000000     <absolute>
 0000:00000000       __arm64x_extra_rfe_table_size 0000000000000000     <absolute>
 0000:00000000       __guard_fids_table         0000000000000000     <absolute>
 0000:00000000       __arm64x_extra_rfe_table   0000000000000000     <absolute>
 0000:00000000       __hybrid_code_map_count    0000000000000000     <absolute>
 0000:00000000       __guard_iat_count          0000000000000000     <absolute>
 0000:00000000       __guard_eh_cont_count      0000000000000000     <absolute>
 0000:00000000       __dynamic_value_reloc_table 0000000000000000     <absolute>
 0000:00000000       __hybrid_auxiliary_iat_copy 0000000000000000     <absolute>
 0000:00000000       __x64_code_ranges_to_entry_points_count 0000000000000000     <absolute>
 0000:00000000       __arm64x_native_entrypoint 0000000000000000     <absolute>
 0000:00000000       __arm64x_redirection_metadata 0000000000000000     <absolute>
 0000:00000000       ___safe_se_handler_table   0000000000000000     <absolute>
 0000:00000000       __AbsoluteZero             0000000000000000     <absolute>
 0000:00000000       ___safe_se_handler_count   0000000000000000     <absolute>
 0000:00000000       __guard_eh_cont_table      0000000000000000     <absolute>
 0000:00000000       __hybrid_code_map          0000000000000000     <absolute>
 0000:00000000       __guard_iat_table          0000000000000000     <absolute>
 0000:00000000       __hybrid_auxiliary_iat     0000000000000000     <absolute>
 0000:00000000       __guard_fids_count         0000000000000000     <absolute>
 0000:00000000       __x64_code_ranges_to_entry_points 0000000000000000     <absolute>
 0000:00000000       __enclave_config           0000000000000000     <absolute>
 0000:00000100       __guard_flags              0000000000000100     <absolute>
 0000:00000000       _load_config_used          0000000140000000     <linker-defined>
 0000:00000000       __ImageBase                0000000140000000     <linker-defined>
 0001:00000000       DetourGetInstructionLength 0000000140001000 f   detours.obj
 0001:00000080       memmove                    0000000140001080     ntoskrnl:memcpy.obj
 0001:00000080       memcpy                     0000000140001080 f   ntoskrnl:memcpy.obj
 0001:000003d0       memset                     00000001400013d0 f   ntoskrnl:memset.obj
 0001:000004d0       memcmp                     00000001400014d0 f   ntoskrnl:memcmp.obj
 0001:000005b0       __security_check_cookie    00000001400015b0 f   bufferoverflowk:amdsecgs.obj
 0001:000005d0       __report_gsfailure         00000001400015d0 f   bufferoverflowk:gs_report.obj
 0001:00000600       InitializeExcept           0000000140001600 f   ExceptAMD64.obj
 0001:00000610       InsertInvertedFunctionTable 0000000140001610 f   ExceptAMD64.obj
 0001:00000810       KeGetCurrentIrql           0000000140001810 f i ExceptAMD64.obj
 0001:00000820       RemoveInvertedFunctionTable 0000000140001820 f   ExceptAMD64.obj
 0001:00000950       UnwindPrologue             0000000140001950 f   ExceptAMD64.obj
 0001:00001170       VirtualUnwind              0000000140002170 f   ExceptAMD64.obj
 0001:00001c60       FastScanPool               0000000140002c60 f   PatchGuardAMD64.obj
 0001:00001da0       GetNexThread               0000000140002da0 f i PatchGuardAMD64.obj
 0001:00001dd0       GetProcessFirstThread      0000000140002dd0 f i PatchGuardAMD64.obj
 0001:00001e10       GetProcessThreadListHead   0000000140002e10 f i PatchGuardAMD64.obj
 0001:00001e40       GetThreadListEntry         0000000140002e40 f i PatchGuardAMD64.obj
 0001:00001e70       InitializeListHead         0000000140002e70 f i PatchGuardAMD64.obj
 0001:00001ea0       InitializePgBlock          0000000140002ea0 f   PatchGuardAMD64.obj
 0001:00004110       InitializeSystemPtesBitMap 0000000140005110 f   PatchGuardAMD64.obj
 0001:00004340       InsertTailList             0000000140005340 f i PatchGuardAMD64.obj
 0001:000043a0       KeGetCurrentThread         00000001400053a0 f i PatchGuardAMD64.obj
 0001:000043b0       KeInitializeSpinLock       00000001400053b0 f i PatchGuardAMD64.obj
 0001:000043d0       PgCheckAllWorkerThread     00000001400053d0 f   PatchGuardAMD64.obj
 0001:00004860       PgClear                    0000000140005860 f   PatchGuardAMD64.obj
 0001:00004910       PgClearAll                 0000000140005910 f   PatchGuardAMD64.obj
 0001:00004a10       PgClearCallback            0000000140005a10 f   PatchGuardAMD64.obj
 0001:00004d60       PgClearPoolEncryptedContext 0000000140005d60 f   PatchGuardAMD64.obj
 0001:00004e40       PgClearSystemPtesEncryptedContext 0000000140005e40 f   PatchGuardAMD64.obj
 0001:000050a0       PgClearWorker              00000001400060a0 f   PatchGuardAMD64.obj
 0001:00005580       PgCompareDoubleEncryptedFields 0000000140006580 f   PatchGuardAMD64.obj
 0001:00005810       PgCompareFields            0000000140006810 f   PatchGuardAMD64.obj
 0001:00005d60       PgCreateObject             0000000140006d60 f   PatchGuardAMD64.obj
 0001:00006170       PgFastScanBranch           0000000140007170 f   PatchGuardAMD64.obj
 0001:00006560       PgFastScanTimer            0000000140007560 f   PatchGuardAMD64.obj
 0001:000068c0       PgFreeWorker               00000001400078c0 f   PatchGuardAMD64.obj
 0001:00006970       PgLocateAllObject          0000000140007970 f   PatchGuardAMD64.obj
 0001:000069c0       PgLocatePoolObject         00000001400079c0 f   PatchGuardAMD64.obj
 0001:00006b20       PgLocateSystemPtesObject   0000000140007b20 f   PatchGuardAMD64.obj
 0001:00006d80       PgScanEntryWithBtc         0000000140007d80 f   PatchGuardAMD64.obj
 0001:00006f10       PgSetBranchNewEntry        0000000140007f10 f   PatchGuardAMD64.obj
 0001:00007780       PgSetNewEntry              0000000140008780 f   PatchGuardAMD64.obj
 0001:00007ac0       PgSetNewEntryWithBtc       0000000140008ac0 f   PatchGuardAMD64.obj
 0001:00007d60       PgSetTimerNewEntry         0000000140008d60 f   PatchGuardAMD64.obj
 0001:000084c0       ULongToPtr                 00000001400094c0 f i PatchGuardAMD64.obj
 0001:000084d0       GetPdeAddress              00000001400094d0 f   SpaceAMD64.obj
 0001:00008500       GetPpeAddress              0000000140009500 f   SpaceAMD64.obj
 0001:00008530       GetPteAddress              0000000140009530 f   SpaceAMD64.obj
 0001:00008560       GetPxeAddress              0000000140009560 f   SpaceAMD64.obj
 0001:00008590       GetVaMappedByPde           0000000140009590 f   SpaceAMD64.obj
 0001:000085b0       GetVaMappedByPpe           00000001400095b0 f   SpaceAMD64.obj
 0001:000085d0       GetVaMappedByPte           00000001400095d0 f   SpaceAMD64.obj
 0001:000085f0       GetVaMappedByPxe           00000001400095f0 f   SpaceAMD64.obj
 0001:00008610       InitializeSpace            0000000140009610 f   SpaceAMD64.obj
 0001:00008850       WalkFrameChain             0000000140009850 f   StackAMD64.obj
 0001:000089e0       Brother_Verification       00000001400099e0 f   Shark.obj
 0001:00008a50       Brother_getKey             0000000140009a50 f   Shark.obj
 0001:00008ae0       CreateDriverObject         0000000140009ae0 f   Shark.obj
 0001:00008b70       DeviceClose                0000000140009b70 f   Shark.obj
 0001:00008bc0       DeviceControl              0000000140009bc0 f   Shark.obj
 0001:00008cf0       DeviceCreate               0000000140009cf0 f   Shark.obj
 0001:00008d40       DeviceRead                 0000000140009d40 f   Shark.obj
 0001:00008d90       DeviceWrite                0000000140009d90 f   Shark.obj
 0001:00008de0       DriverEntry                0000000140009de0 f   Shark.obj
 0001:00009160       DriverUnload               000000014000a160 f   Shark.obj
 0001:000091a0       GetDriverObjectByName      000000014000a1a0 f   Shark.obj
 0001:00009250       GetProcAddress             000000014000a250 f   Shark.obj
 0001:00009290       Get_MiProcessLoaderEntry   000000014000a290 f   Shark.obj
 0001:000093c0       Get_MiProcessLoaderEntry_WIN_10 000000014000a3c0 f   Shark.obj
 0001:00009550       Get_MiProcessLoaderEntry_WIN_10_2 000000014000a550 f   Shark.obj
 0001:00009750       Get_MiProcessLoaderEntry_WIN_7 000000014000a750 f   Shark.obj
 0001:00009820       Get_MiProcessLoaderEntry_WIN_8 000000014000a820 f   Shark.obj
 0001:000098f0       Get_MiProcessLoaderEntry_WIN_8_1 000000014000a8f0 f   Shark.obj
 0001:00009a90       InitInLoadOrderLinks       000000014000aa90 f   Shark.obj
 0001:00009ac0       KernelEntry                000000014000aac0 f   Shark.obj
 0001:00009ba0       KernelFastCall             000000014000aba0 f   Shark.obj
 0001:00009bd0       Reinitialize               000000014000abd0 f   Shark.obj
 0001:00009d00       ReloadSelf                 000000014000ad00 f   Shark.obj
 0001:00009e00       RemoveEntryList            000000014000ae00 f i Shark.obj
 0001:00009e60       SupportSEH                 000000014000ae60 f   Shark.obj
 0001:00009ed0       _hEncrypt                  000000014000aed0 f   Shark.obj
 0001:00009f80       _hEncrypt_DEC              000000014000af80 f   Shark.obj
 0001:0000a040       BuildJumpCode              000000014000b040 f   Guard.obj
 0001:0000a110       DisCopy8B                  000000014000b110 f   Guard.obj
 0001:0000a350       GuardAllocateTrampoline    000000014000b350 f   Guard.obj
 0001:0000a3a0       GuardAttach                000000014000b3a0 f   Guard.obj
 0001:0000aa80       GuardDetach                000000014000ba80 f   Guard.obj
 0001:0000ab20       GuardFreeTrampoline        000000014000bb20 f   Guard.obj
 0001:0000ab40       LockedBuildJumpCode        000000014000bb40 f   Guard.obj
 0001:0000ac10       LockedCopyInstruction      000000014000bc10 f   Guard.obj
 0001:0000ad10       MapLockedBuildJumpCode     000000014000bd10 f   Guard.obj
 0001:0000ade0       MapLockedCopyInstruction   000000014000bde0 f   Guard.obj
 0001:0000af30       SafeGuardAttach            000000014000bf30 f   Guard.obj
 0001:0000b960       SafeGuardDetach            000000014000c960 f   Guard.obj
 0001:0000ba00       CaptureImageExceptionValues 000000014000ca00 f   Except.obj
 0001:0000bbb0       LongToPtr                  000000014000cbb0 f i Except.obj
 0001:0000bbc0       DumpFileWorker             000000014000cbc0 f   Reload.obj
 0001:0000c300       DumpImageWorker            000000014000d300 f   Reload.obj
 0001:0000cb10       FindEntryForImage          000000014000db10 f   Reload.obj
 0001:0000cc90       FindEntryForImageAddress   000000014000dc90 f   Reload.obj
 0001:0000ce20       InitializeGpBlock          000000014000de20 f   Reload.obj
 0001:0000d970       LdrAllocate                000000014000e970 f   Reload.obj
 0001:0000d9e0       LdrEnumerateThunk          000000014000e9e0 f   Reload.obj
 0001:0000db70       LdrFindSection             000000014000eb70 f   Reload.obj
 0001:0000dca0       LdrForward                 000000014000eca0 f   Reload.obj
 0001:0000dff0       LdrGetEntryPoint           000000014000eff0 f   Reload.obj
 0001:0000e090       LdrGetPlatform             000000014000f090 f   Reload.obj
 0001:0000e0e0       LdrGetRelocCount           000000014000f0e0 f i Reload.obj
 0001:0000e110       LdrGetSize                 000000014000f110 f   Reload.obj
 0001:0000e190       LdrGetSubsystem            000000014000f190 f   Reload.obj
 0001:0000e210       LdrGetSymbol               000000014000f210 f   Reload.obj
 0001:0000e400       LdrGetTimeStamp            000000014000f400 f   Reload.obj
 0001:0000e450       LdrLoad                    000000014000f450 f   Reload.obj
 0001:0000e710       LdrLoadImport              000000014000f710 f   Reload.obj
 0001:0000e7c0       LdrMakeProtection          000000014000f7c0 f   Reload.obj
 0001:0000e830       LdrMapSection              000000014000f830 f   Reload.obj
 0001:0000ea50       LdrNameToAddress           000000014000fa50 f   Reload.obj
 0001:0000ebf0       LdrNameToNumber            000000014000fbf0 f   Reload.obj
 0001:0000ee50       LdrRelocBlock              000000014000fe50 f   Reload.obj
 0001:0000f090       LdrRelocImage              0000000140010090 f   Reload.obj
 0001:0000f160       LdrReplaceThunk            0000000140010160 f   Reload.obj
 0001:0000f350       LdrSetImageBase            0000000140010350 f   Reload.obj
 0001:0000f400       LdrSnapThunk               0000000140010400 f   Reload.obj
 0001:0000f6d0       LdrUnload                  00000001400106d0 f   Reload.obj
 0001:0000f770       SectionTableFromVirtualAddress 0000000140010770 f   Reload.obj
 0001:0000f8e0       AsyncCall                  00000001400108e0 f   Rtx.obj
 0001:0000fa90       AsyncDispatcher            0000000140010a90 f   Rtx.obj
 0001:0000fb20       GuardCall                  0000000140010b20 f i Rtx.obj
 0001:0000fbc0       IpiDispatcher              0000000140010bc0 f   Rtx.obj
 0001:0000fc50       IpiGenericCall             0000000140010c50 f   Rtx.obj
 0001:0000fce0       IpiSingleCall              0000000140010ce0 f   Rtx.obj
 0001:0000fd90       KeGetCurrentProcessorNumber 0000000140010d90 f i Rtx.obj
 0001:0000fda0       CompareBytes               0000000140010da0 f   Scan.obj
 0001:0000fe70       ScanBytes                  0000000140010e70 f   Scan.obj
 0001:0000ffd0       TrimBytes                  0000000140010fd0 f   Scan.obj
 0001:000103c0       FlushMultipleTb            00000001400113c0 f   Space.obj
 0001:00010420       FlushSingleTb              0000000140011420 f   Space.obj
 0001:00010450       _FlushMultipleTb           0000000140011450 f i Space.obj
 0001:00010530       FindAndPrintSymbol         0000000140011530 f   Stack.obj
 0001:00010580       FindSymbol                 0000000140011580 f   Stack.obj
 0001:000105d0       PrintFrameChain            00000001400115d0 f   Stack.obj
 0001:00010640       PrintSymbol                0000000140011640 f   Stack.obj
 0001:00010680       WalkImageSymbol            0000000140011680 f   Stack.obj
 0001:00010900       __GSHandlerCheck           0000000140011900 f   gshandler.obj
 0001:00010920       __GSHandlerCheckCommon     0000000140011920 f   gshandler.obj
 0001:00010980       __GSHandlerCheck_SEH       0000000140011980 f   gshandlerseh.obj
 0001:00010a10       DetourCopyInstruction      0000000140011a10 f   disasm.obj
 0001:00010a90       ??0CDetourDis@@QEAA@PEAPEAEPEAJ@Z 0000000140011a90 f   disasm.obj
 0001:00010b60       ?CopyInstruction@CDetourDis@@QEAAPEAEPEAE0@Z 0000000140011b60 f   disasm.obj
 0001:00010bf0       ?SanityCheckSystem@CDetourDis@@SAHXZ 0000000140011bf0 f   disasm.obj
 0001:00010ce0       ?CopyBytes@CDetourDis@@IEAAPEAEPEBUCOPYENTRY@1@PEAE1@Z 0000000140011ce0 f   disasm.obj
 0001:00011010       ?CopyBytesPrefix@CDetourDis@@IEAAPEAEPEBUCOPYENTRY@1@PEAE1@Z 0000000140012010 f   disasm.obj
 0001:000110a0       ?CopyBytesRax@CDetourDis@@IEAAPEAEPEBUCOPYENTRY@1@PEAE1@Z 00000001400120a0 f   disasm.obj
 0001:00011150       ?CopyBytesJump@CDetourDis@@IEAAPEAEPEBUCOPYENTRY@1@PEAE1@Z 0000000140012150 f   disasm.obj
 0001:000112f0       ?Invalid@CDetourDis@@IEAAPEAEPEBUCOPYENTRY@1@PEAE1@Z 00000001400122f0 f   disasm.obj
 0001:00011320       ?AdjustTarget@CDetourDis@@IEAAPEAEPEAE0JJJ@Z 0000000140012320 f   disasm.obj
 0001:000114e0       ?Copy0F@CDetourDis@@IEAAPEAEPEBUCOPYENTRY@1@PEAE1@Z 00000001400124e0 f   disasm.obj
 0001:00011570       ?Copy66@CDetourDis@@IEAAPEAEPEBUCOPYENTRY@1@PEAE1@Z 0000000140012570 f   disasm.obj
 0001:000115c0       ?Copy67@CDetourDis@@IEAAPEAEPEBUCOPYENTRY@1@PEAE1@Z 00000001400125c0 f   disasm.obj
 0001:00011610       ?CopyF6@CDetourDis@@IEAAPEAEPEBUCOPYENTRY@1@PEAE1@Z 0000000140012610 f   disasm.obj
 0001:000116b0       ?CopyF7@CDetourDis@@IEAAPEAEPEBUCOPYENTRY@1@PEAE1@Z 00000001400126b0 f   disasm.obj
 0001:00011750       ?CopyFF@CDetourDis@@IEAAPEAEPEBUCOPYENTRY@1@PEAE1@Z 0000000140012750 f   disasm.obj
 0001:0001187e       ExAcquireResourceExclusiveLite 000000014001287e f   ntoskrnl:ntoskrnl.exe
 0001:00011884       ExReleaseResourceLite      0000000140012884 f   ntoskrnl:ntoskrnl.exe
 0001:0001188a       strlen                     000000014001288a f   ntoskrnl:ntoskrnl.exe
 0001:00011890       RtlLookupFunctionEntry     0000000140012890 f   ntoskrnl:ntoskrnl.exe
 0001:00011896       RtlInitUnicodeString       0000000140012896 f   ntoskrnl:ntoskrnl.exe
 0001:0001189c       RtlCompareMemory           000000014001289c f   ntoskrnl:ntoskrnl.exe
 0001:000118a2       RtlInitializeBitMap        00000001400128a2 f   ntoskrnl:ntoskrnl.exe
 0001:000118a8       RtlSetBit                  00000001400128a8 f   ntoskrnl:ntoskrnl.exe
 0001:000118ae       RtlClearAllBits            00000001400128ae f   ntoskrnl:ntoskrnl.exe
 0001:000118b4       RtlFindSetBits             00000001400128b4 f   ntoskrnl:ntoskrnl.exe
 0001:000118ba       RtlClearBits               00000001400128ba f   ntoskrnl:ntoskrnl.exe
 0001:000118c0       RtlFindNextForwardRunClear 00000001400128c0 f   ntoskrnl:ntoskrnl.exe
 0001:000118c6       KeInitializeEvent          00000001400128c6 f   ntoskrnl:ntoskrnl.exe
 0001:000118cc       KeSetEvent                 00000001400128cc f   ntoskrnl:ntoskrnl.exe
 0001:000118d2       KeWaitForSingleObject      00000001400128d2 f   ntoskrnl:ntoskrnl.exe
 0001:000118d8       ExAllocatePool             00000001400128d8 f   ntoskrnl:ntoskrnl.exe
 0001:000118de       ExFreePoolWithTag          00000001400128de f   ntoskrnl:ntoskrnl.exe
 0001:000118e4       ExInterlockedInsertTailList 00000001400128e4 f   ntoskrnl:ntoskrnl.exe
 0001:000118ea       ExQueueWorkItem            00000001400128ea f   ntoskrnl:ntoskrnl.exe
 0001:000118f0       PsGetCurrentThreadId       00000001400128f0 f   ntoskrnl:ntoskrnl.exe
 0001:000118f6       PsGetThreadId              00000001400128f6 f   ntoskrnl:ntoskrnl.exe
 0001:000118fc       PsGetCurrentThreadProcess  00000001400128fc f   ntoskrnl:ntoskrnl.exe
 0001:00011902       IoGetInitialStack          0000000140012902 f   ntoskrnl:ntoskrnl.exe
 0001:00011908       MmGetSystemRoutineAddress  0000000140012908 f   ntoskrnl:ntoskrnl.exe
 0001:0001190e       MmIsAddressValid           000000014001290e f   ntoskrnl:ntoskrnl.exe
 0001:00011914       ZwOpenFile                 0000000140012914 f   ntoskrnl:ntoskrnl.exe
 0001:0001191a       ZwCreateSection            000000014001291a f   ntoskrnl:ntoskrnl.exe
 0001:00011920       ZwMapViewOfSection         0000000140012920 f   ntoskrnl:ntoskrnl.exe
 0001:00011926       ZwUnmapViewOfSection       0000000140012926 f   ntoskrnl:ntoskrnl.exe
 0001:0001192c       ZwClose                    000000014001292c f   ntoskrnl:ntoskrnl.exe
 0001:00011932       ZwQueryInformationThread   0000000140012932 f   ntoskrnl:ntoskrnl.exe
 0001:00011938       RtlVirtualUnwind           0000000140012938 f   ntoskrnl:ntoskrnl.exe
 0001:0001193e       RtlCaptureContext          000000014001293e f   ntoskrnl:ntoskrnl.exe
 0001:00011944       IoGetStackLimits           0000000140012944 f   ntoskrnl:ntoskrnl.exe
 0001:0001194a       RtlGetVersion              000000014001294a f   ntoskrnl:ntoskrnl.exe
 0001:00011950       KeQueryTimeIncrement       0000000140012950 f   ntoskrnl:ntoskrnl.exe
 0001:00011956       IofCompleteRequest         0000000140012956 f   ntoskrnl:ntoskrnl.exe
 0001:0001195c       IoCreateDevice             000000014001295c f   ntoskrnl:ntoskrnl.exe
 0001:00011962       IoCreateSymbolicLink       0000000140012962 f   ntoskrnl:ntoskrnl.exe
 0001:00011968       IoDeleteDevice             0000000140012968 f   ntoskrnl:ntoskrnl.exe
 0001:0001196e       IoDeleteSymbolicLink       000000014001296e f   ntoskrnl:ntoskrnl.exe
 0001:00011974       IoRegisterDriverReinitialization 0000000140012974 f   ntoskrnl:ntoskrnl.exe
 0001:0001197a       ObReferenceObjectByName    000000014001297a f   ntoskrnl:ntoskrnl.exe
 0001:00011980       ObfDereferenceObject       0000000140012980 f   ntoskrnl:ntoskrnl.exe
 0001:00011986       ZwDeleteKey                0000000140012986 f   ntoskrnl:ntoskrnl.exe
 0001:0001198c       ZwOpenKey                  000000014001298c f   ntoskrnl:ntoskrnl.exe
 0001:00011992       ZwQueryValueKey            0000000140012992 f   ntoskrnl:ntoskrnl.exe
 0001:00011998       swprintf                   0000000140012998 f   ntoskrnl:ntoskrnl.exe
 0001:0001199e       __C_specific_handler       000000014001299e f   ntoskrnl:ntoskrnl.exe
 0001:000119a4       MmMapIoSpace               00000001400129a4 f   ntoskrnl:ntoskrnl.exe
 0001:000119aa       MmUnmapIoSpace             00000001400129aa f   ntoskrnl:ntoskrnl.exe
 0001:000119b0       MmGetPhysicalAddress       00000001400129b0 f   ntoskrnl:ntoskrnl.exe
 0001:000119b6       RtlImageNtHeader           00000001400129b6 f   ntoskrnl:ntoskrnl.exe
 0001:000119bc       RtlImageDirectoryEntryToData 00000001400129bc f   ntoskrnl:ntoskrnl.exe
 0001:000119c2       towlower                   00000001400129c2 f   ntoskrnl:ntoskrnl.exe
 0001:000119c8       strchr                     00000001400129c8 f   ntoskrnl:ntoskrnl.exe
 0001:000119ce       _stricmp                   00000001400129ce f   ntoskrnl:ntoskrnl.exe
 0001:000119d4       _strnicmp                  00000001400129d4 f   ntoskrnl:ntoskrnl.exe
 0001:000119da       wcscat                     00000001400129da f   ntoskrnl:ntoskrnl.exe
 0001:000119e0       wcscpy                     00000001400129e0 f   ntoskrnl:ntoskrnl.exe
 0001:000119e6       wcslen                     00000001400129e6 f   ntoskrnl:ntoskrnl.exe
 0001:000119ec       wcsrchr                    00000001400129ec f   ntoskrnl:ntoskrnl.exe
 0001:000119f2       RtlCharToInteger           00000001400129f2 f   ntoskrnl:ntoskrnl.exe
 0001:000119f8       RtlInitAnsiString          00000001400129f8 f   ntoskrnl:ntoskrnl.exe
 0001:000119fe       RtlAnsiStringToUnicodeString 00000001400129fe f   ntoskrnl:ntoskrnl.exe
 0001:00011a04       RtlEqualUnicodeString      0000000140012a04 f   ntoskrnl:ntoskrnl.exe
 0001:00011a0a       RtlPrefixUnicodeString     0000000140012a0a f   ntoskrnl:ntoskrnl.exe
 0001:00011a10       RtlFreeUnicodeString       0000000140012a10 f   ntoskrnl:ntoskrnl.exe
 0001:00011a16       DbgPrint                   0000000140012a16 f   ntoskrnl:ntoskrnl.exe
 0001:00011a1c       ExUuidCreate               0000000140012a1c f   ntoskrnl:ntoskrnl.exe
 0001:00011a22       PsGetVersion               0000000140012a22 f   ntoskrnl:ntoskrnl.exe
 0001:00011a28       PsGetCurrentThreadProcessId 0000000140012a28 f   ntoskrnl:ntoskrnl.exe
 0001:00011a2e       ZwFlushBuffersFile         0000000140012a2e f   ntoskrnl:ntoskrnl.exe
 0001:00011a34       ZwCreateFile               0000000140012a34 f   ntoskrnl:ntoskrnl.exe
 0001:00011a3a       ZwQueryInformationFile     0000000140012a3a f   ntoskrnl:ntoskrnl.exe
 0001:00011a40       ZwReadFile                 0000000140012a40 f   ntoskrnl:ntoskrnl.exe
 0001:00011a46       ZwWriteFile                0000000140012a46 f   ntoskrnl:ntoskrnl.exe
 0001:00011a4c       strcpy_s                   0000000140012a4c f   ntoskrnl:ntoskrnl.exe
 0001:00011a52       KeCapturePersistentThreadState 0000000140012a52 f   ntoskrnl:ntoskrnl.exe
 0001:00011a58       KeInitializeApc            0000000140012a58 f   ntoskrnl:ntoskrnl.exe
 0001:00011a5e       KeInsertQueueApc           0000000140012a5e f   ntoskrnl:ntoskrnl.exe
 0001:00011a64       KeIpiGenericCall           0000000140012a64 f   ntoskrnl:ntoskrnl.exe
 0001:00011a6a       PsLookupThreadByThreadId   0000000140012a6a f   ntoskrnl:ntoskrnl.exe
 0001:00011a70       isxdigit                   0000000140012a70 f   ntoskrnl:ntoskrnl.exe
 0001:00011a76       KeBugCheckEx               0000000140012a76 f   ntoskrnl:ntoskrnl.exe
 0001:00011a90       _FlushSingleTb             0000000140012a90 f   AMD64.obj
 0001:00011ab0       _cmpbyte                   0000000140012ab0 f   CmpAMD64.obj
 0001:00011ac0       _cmpword                   0000000140012ac0 f   CmpAMD64.obj
 0001:00011ad0       _cmpdword                  0000000140012ad0 f   CmpAMD64.obj
 0001:00011ae0       _cmpqword                  0000000140012ae0 f   CmpAMD64.obj
 0001:00011b00       _CaptureContext            0000000140012b00 f   ContextAMD64.obj
 0001:00011c70       ??_C@_0DA@BMOFLFNI@2E?548?531?511?548?531?551?508?548?531?55@FNODOBFM@ 0000000140012c70     PatchGuardAMD64.obj
 0001:00011ca0       ??_C@_0M@BDHHJLKF@FB?548?58D?505@FNODOBFM@ 0000000140012ca0     PatchGuardAMD64.obj
 0001:00011cb0       ??_C@_0DP@IJBNPIOI@?$DP?$DP?589?5?$DP?$DP?500?501?500?500?548?58D?505?5?$DP@FNODOBFM@ 0000000140012cb0     PatchGuardAMD64.obj
 0001:00011cf0       ??_C@_0CK@PJMEGPLM@48?58D?505?5?$DP?$DP?5?$DP?$DP?5?$DP?$DP?5?$DP?$DP?5?$DP?$DP?589?586?5?$DP@FNODOBFM@ 0000000140012cf0     PatchGuardAMD64.obj
 0001:00011d20       ??_C@_0GD@DAJJDKCM@48?58D?505?5?$DP?$DP?5?$DP?$DP?5?$DP?$DP?5?$DP?$DP?549?589?586?5?$DP@FNODOBFM@ 0000000140012d20     PatchGuardAMD64.obj
 0001:00011d90       ??_C@_0FK@IOKOHPJF@8B?584?524?5?$DP?$DP?5?$DP?$DP?5?$DP?$DP?5?$DP?$DP?5?$DP?$DP?505?500?50@FNODOBFM@ 0000000140012d90     PatchGuardAMD64.obj
 0001:00011df0       ??_C@_0FK@BGHMKMOF@48?5F7?5E1?548?58B?5C1?548?52B?5C2?548?5D@FNODOBFM@ 0000000140012df0     PatchGuardAMD64.obj
 0001:00011e50       ??_C@_0BO@IPKHLBBG@48?5B8?500?500?500?500?580?5F7?5FF?5FF@FNODOBFM@ 0000000140012e50     PatchGuardAMD64.obj
 0001:00011e70       ??_C@_0BL@GMCCJCAD@FB?5B8?500?500?514?500?533?5D2?5F7@FNODOBFM@ 0000000140012e70     PatchGuardAMD64.obj
 0001:00011e90       ??_C@_0DG@LAMFHKGB@B9?501?500?500?500?544?50F?522?5C1?548?58@FNODOBFM@ 0000000140012e90     PatchGuardAMD64.obj
 0001:00011ed0       ??_C@_0BI@ECPIPJKD@EB?5?$DP?$DP?5B9?51E?500?500?500?5E8@FNODOBFM@ 0000000140012ed0     PatchGuardAMD64.obj
 0001:00011ef0       ??_C@_0DP@GHFKBKJD@48?583?53D?5?$DP?$DP?5?$DP?$DP?5?$DP?$DP?5?$DP?$DP?500?575?510?54@FNODOBFM@ 0000000140012ef0     PatchGuardAMD64.obj
 0001:00011f30       ??_C@_0DM@JGKMDBNO@83?5?$DP?$DP?501?575?510?548?58B?515?5?$DP?$DP?5?$DP?$DP?5?$DP@FNODOBFM@ 0000000140012f30     PatchGuardAMD64.obj
 0001:00011f70       ??_C@_0DJ@EAHKONLE@83?5BC?524?5?$DP?$DP?500?500?500?501?575?515?54@FNODOBFM@ 0000000140012f70     PatchGuardAMD64.obj
 0001:00011fb0       ??_C@_0CE@IGJBALLB@40?58A?5F0?541?583?5FE?501?575?5?$DP?$DP?548?58@FNODOBFM@ 0000000140012fb0     PatchGuardAMD64.obj
 0001:00011fe0       ??_C@_0DJ@HAMNEEDJ@48?5c1?5e9?527?581?5e1?5ff?501?500?500?58@FNODOBFM@ 0000000140012fe0     PatchGuardAMD64.obj
 0001:00012020       ??_C@_0FB@IHHJEJCJ@55?541?554?541?555?541?556?541?557?548?58@FNODOBFM@ 0000000140013020     PatchGuardAMD64.obj
 0001:00012080       ??_C@_0EC@NIAGFOKD@55?541?554?541?555?541?556?541?557?548?58@FNODOBFM@ 0000000140013080     PatchGuardAMD64.obj
 0001:000120d0       ??_C@_0DD@KBCHINFE@89?583?5?$DP?$DP?5?$DP?$DP?5F0?583?50C?524?500?580?53@FNODOBFM@ 00000001400130d0     PatchGuardAMD64.obj
 0001:00012110       ??_C@_0CN@LILJKHAH@?$FLSHARK?$FN?5?$DM?5?$CFp?5?$DO?5declassified?5con@FNODOBFM@ 0000000140013110     PatchGuardAMD64.obj
 0001:00012140       ??_C@_0CK@DJGNCMLH@?$FLSHARK?$FN?5?$DM?5?$CFp?5?$DO?5encrypted?5contex@FNODOBFM@ 0000000140013140     PatchGuardAMD64.obj
 0001:00012170       ??_C@_0DB@DHKHMEF@?$FLSHARK?$FN?5?$DM?5?$CFp?5?$DO?5double?5encrypted@FNODOBFM@ 0000000140013170     PatchGuardAMD64.obj
 0001:000121b0       ??_C@_1BK@DPKKGNIO@?$AAK?$AAe?$AAS?$AAe?$AAt?$AAT?$AAi?$AAm?$AAe?$AAr?$AAE?$AAx@FNODOBFM@ 00000001400131b0     PatchGuardAMD64.obj
 0001:000121d0       ??_C@_1DO@MDDEABFD@?$AAM?$AAm?$AAI?$AAs?$AAN?$AAo?$AAn?$AAP?$AAa?$AAg?$AAe?$AAd?$AAS?$AAy?$AAs@FNODOBFM@ 00000001400131d0     PatchGuardAMD64.obj
 0001:00012210       ??_C@_05GCIAPODO@?4text@FNODOBFM@ 0000000140013210     PatchGuardAMD64.obj
 0001:00012220       ??_C@_1DG@PMNOJNPI@?$AAM?$AAm?$AAA?$AAl?$AAl?$AAo?$AAc?$AAa?$AAt?$AAe?$AAM?$AAa?$AAp?$AAp?$AAi@FNODOBFM@ 0000000140013220     PatchGuardAMD64.obj
 0001:00012260       ??_C@_1DC@CHCDPIKO@?$AAM?$AAm?$AAA?$AAl?$AAl?$AAo?$AAc?$AAa?$AAt?$AAe?$AAM?$AAa?$AAp?$AAp?$AAi@FNODOBFM@ 0000000140013260     PatchGuardAMD64.obj
 0001:000122a0       ??_C@_1CC@IAFGMHF@?$AAM?$AAm?$AAI?$AAs?$AAA?$AAd?$AAd?$AAr?$AAe?$AAs?$AAs?$AAV?$AAa?$AAl?$AAi@FNODOBFM@ 00000001400132a0     PatchGuardAMD64.obj
 0001:000122d0       ??_C@_1CO@BLJALOLL@?$AAR?$AAt?$AAl?$AAL?$AAo?$AAo?$AAk?$AAu?$AAp?$AAF?$AAu?$AAn?$AAc?$AAt?$AAi@FNODOBFM@ 00000001400132d0     PatchGuardAMD64.obj
 0001:00012300       ??_C@_1CC@FJIEMBKA@?$AAR?$AAt?$AAl?$AAV?$AAi?$AAr?$AAt?$AAu?$AAa?$AAl?$AAU?$AAn?$AAw?$AAi?$AAn@FNODOBFM@ 0000000140013300     PatchGuardAMD64.obj
 0001:00012330       ??_C@_1CA@CGKANHFO@?$AAE?$AAx?$AAQ?$AAu?$AAe?$AAu?$AAe?$AAW?$AAo?$AAr?$AAk?$AAI?$AAt?$AAe?$AAm@FNODOBFM@ 0000000140013330     PatchGuardAMD64.obj
 0001:00012350       ??_C@_01FOPBGJIN@?C@FNODOBFM@ 0000000140013350     PatchGuardAMD64.obj
 0001:00012360       ??_C@_1BA@OJLDMJDC@?$AAO?$AAB?$AAB?$AA?4?$AAs?$AAy?$AAs@FNODOBFM@ 0000000140013360     Shark.obj
 0001:00012370       ??_C@_0M@GCBKIMHA@KernelEntry@FNODOBFM@ 0000000140013370     Shark.obj
 0001:00012380       ??_C@_0BJ@IIFOFFBP@H?$IJ?2$?$AIH?$IJl$?$BIH?$IJt$?5WATAUAVAW@FNODOBFM@ 0000000140013380     Shark.obj
 0001:000123a0       ??_C@_1BO@HLIHPLMH@?$AAE?$AAt?$AAw?$AAW?$AAr?$AAi?$AAt?$AAe?$AAS?$AAt?$AAr?$AAi?$AAn?$AAg@FNODOBFM@ 00000001400133a0     Shark.obj
 0001:000123c0       ??_C@_0BI@LDPHJBFA@H?$IJ?2$?$AIH?$IJl$?$BAH?$IJt$?$BIWH?$ID?l?5H?$IL?Y@FNODOBFM@ 00000001400133c0     Shark.obj
 0001:000123e0       ??_C@_1DI@JIJPEGCA@?$AAI?$AAo?$AAI?$AAn?$AAv?$AAa?$AAl?$AAi?$AAd?$AAa?$AAt?$AAe?$AAD?$AAe?$AAv@FNODOBFM@ 00000001400133e0     Shark.obj
 0001:00012420       ??_C@_04HACIGGIE@H?$IL?P?h@FNODOBFM@ 0000000140013420     Shark.obj
 0001:00012430       ??_C@_0M@EBGNMAJC@A?$IL?VH?$IL?NA?$ID?L?$AE?h@FNODOBFM@ 0000000140013430     Shark.obj
 0001:00012440       ??_C@_1CM@IIBCMHMP@?$AAI?$AAo?$AAL?$AAo?$AAa?$AAd?$AAC?$AAr?$AAa?$AAs?$AAh?$AAD?$AAu?$AAm?$AAp@FNODOBFM@ 0000000140013440     Shark.obj
 0001:00012470       ??_C@_0L@ILJIHLEB@?$ID?J?$PPH?$IL?OH?$IL?X?h@FNODOBFM@ 0000000140013470     Shark.obj
 0001:00012480       ??_C@_1CI@BKJDMHED@?$AAM?$AAm?$AAU?$AAn?$AAl?$AAo?$AAa?$AAd?$AAS?$AAy?$AAs?$AAt?$AAe?$AAm?$AAI@FNODOBFM@ 0000000140013480     Shark.obj
 0001:000124b0       ??_C@_1BK@NEFBNBOM@?$AA?2?$AAD?$AAr?$AAi?$AAv?$AAe?$AAr?$AA?2?$AAb?$AAe?$AAe?$AAp@FNODOBFM@ 00000001400134b0     Shark.obj
 0001:000124d0       ??_C@_1BI@EEKPCHLN@?$AAD?$AAi?$AAs?$AAp?$AAl?$AAa?$AAy?$AAN?$AAa?$AAm?$AAe@FNODOBFM@ 00000001400134d0     Shark.obj
 0001:000124f0       ??_C@_1BG@EDLFNGEH@?$AA?2?$AAD?$AAe?$AAv?$AAi?$AAc?$AAe?$AA?2?$AA?$CF?$AAs@FNODOBFM@ 00000001400134f0     Shark.obj
 0001:00012510       ??_C@_1O@PAJNNBDG@?$AA?2?$AA?$DP?$AA?$DP?$AA?2?$AA?$CF?$AAs@FNODOBFM@ 0000000140013510     Shark.obj
 0001:00012520       ??_C@_0FK@PKLAOBCC@48?589?5A3?5?$DP?$DP?5?$DP?$DP?5?$DP?$DP?5?$DP?$DP?58B?5F8?5C1?5E@FNODOBFM@ 0000000140013520     Reload.obj
 0001:00012580       ??_C@_0CE@OLEAGKLA@F7?505?5?$DP?$DP?5?$DP?$DP?5?$DP?$DP?5?$DP?$DP?540?500?500?500?50@FNODOBFM@ 0000000140013580     Reload.obj
 0001:000125b0       ??_C@_0BI@OAPHNCIK@48?58D?50D?5?$DP?$DP?5?$DP?$DP?5?$DP?$DP?5?$DP?$DP?5E8@FNODOBFM@ 00000001400135b0     Reload.obj
 0001:000125d0       ??_C@_1CO@FNPMEBMH@?$AAP?$AAs?$AAI?$AAn?$AAi?$AAt?$AAi?$AAa?$AAl?$AAS?$AAy?$AAs?$AAt?$AAe?$AAm@FNODOBFM@ 00000001400135d0     Reload.obj
 0001:00012600       ??_C@_1CG@HKIHLHIG@?$AAK?$AAe?$AAN?$AAu?$AAm?$AAb?$AAe?$AAr?$AAP?$AAr?$AAo?$AAc?$AAe?$AAs?$AAs@FNODOBFM@ 0000000140013600     Reload.obj
 0001:00012630       ??_C@_1CM@JFIILAHP@?$AAK?$AAe?$AAE?$AAn?$AAt?$AAe?$AAr?$AAC?$AAr?$AAi?$AAt?$AAi?$AAc?$AAa?$AAl@FNODOBFM@ 0000000140013630     Reload.obj
 0001:00012660       ??_C@_1CM@BLKLCBON@?$AAK?$AAe?$AAL?$AAe?$AAa?$AAv?$AAe?$AAC?$AAr?$AAi?$AAt?$AAi?$AAc?$AAa?$AAl@FNODOBFM@ 0000000140013660     Reload.obj
 0001:00012690       ??_C@_1DA@PBFDBPFD@?$AAE?$AAx?$AAA?$AAc?$AAq?$AAu?$AAi?$AAr?$AAe?$AAS?$AAp?$AAi?$AAn?$AAL?$AAo@FNODOBFM@ 0000000140013690     Reload.obj
 0001:000126c0       ??_C@_1DA@CAININBM@?$AAE?$AAx?$AAR?$AAe?$AAl?$AAe?$AAa?$AAs?$AAe?$AAS?$AAp?$AAi?$AAn?$AAL?$AAo@FNODOBFM@ 00000001400136c0     Reload.obj
 0001:000126f0       ??_C@_1BC@KJPAPHAB@?$AAD?$AAb?$AAg?$AAP?$AAr?$AAi?$AAn?$AAt@FNODOBFM@ 00000001400136f0     Reload.obj
 0001:00012710       ??_C@_1CM@GMLFKPCP@?$AAK?$AAe?$AAW?$AAa?$AAi?$AAt?$AAF?$AAo?$AAr?$AAS?$AAi?$AAn?$AAg?$AAl?$AAe@FNODOBFM@ 0000000140013710     Reload.obj
 0001:00012740       ??_C@_1CC@JDADPNE@?$AAR?$AAt?$AAl?$AAC?$AAo?$AAm?$AAp?$AAa?$AAr?$AAe?$AAM?$AAe?$AAm?$AAo?$AAr@FNODOBFM@ 0000000140013740     Reload.obj
 0001:00012770       ??_C@_1CE@HAHBPIOH@?$AAR?$AAt?$AAl?$AAR?$AAe?$AAs?$AAt?$AAo?$AAr?$AAe?$AAC?$AAo?$AAn?$AAt?$AAe@FNODOBFM@ 0000000140013770     Reload.obj
 0001:000127a0       ??_C@_1CE@DCOCBIHA@?$AAE?$AAx?$AAF?$AAr?$AAe?$AAe?$AAP?$AAo?$AAo?$AAl?$AAW?$AAi?$AAt?$AAh?$AAT@FNODOBFM@ 00000001400137a0     Reload.obj
 0001:000127d0       ??_C@_1BK@ELKBGCHE@?$AAK?$AAe?$AAB?$AAu?$AAg?$AAC?$AAh?$AAe?$AAc?$AAk?$AAE?$AAx@FNODOBFM@ 00000001400137d0     Reload.obj
 0001:000127f0       ??_C@_1DI@MAFGIMBP@?$AAE?$AAx?$AAI?$AAn?$AAt?$AAe?$AAr?$AAl?$AAo?$AAc?$AAk?$AAe?$AAd?$AAR?$AAe@FNODOBFM@ 00000001400137f0     Reload.obj
 0001:00012830       ??_C@_1DG@KKHCDIDD@?$AAE?$AAx?$AAA?$AAc?$AAq?$AAu?$AAi?$AAr?$AAe?$AAR?$AAu?$AAn?$AAd?$AAo?$AAw@FNODOBFM@ 0000000140013830     Reload.obj
 0001:00012870       ??_C@_1DG@LFHKGFFH@?$AAE?$AAx?$AAR?$AAe?$AAl?$AAe?$AAa?$AAs?$AAe?$AAR?$AAu?$AAn?$AAd?$AAo?$AAw@FNODOBFM@ 0000000140013870     Reload.obj
 0001:000128b0       ??_C@_1EE@NJOCJIGM@?$AAE?$AAx?$AAW?$AAa?$AAi?$AAt?$AAF?$AAo?$AAr?$AAR?$AAu?$AAn?$AAd?$AAo?$AAw@FNODOBFM@ 00000001400138b0     Reload.obj
 0001:00012900       ??_C@_1DO@HKKBOGEN@?$AAK?$AAe?$AAC?$AAa?$AAp?$AAt?$AAu?$AAr?$AAe?$AAP?$AAe?$AAr?$AAs?$AAi?$AAs@FNODOBFM@ 0000000140013900     Reload.obj
 0001:00012940       ??_C@_1CK@JKPIFLCB@?$AAP?$AAs?$AAG?$AAe?$AAt?$AAT?$AAh?$AAr?$AAe?$AAa?$AAd?$AAP?$AAr?$AAo?$AAc@FNODOBFM@ 0000000140013940     Reload.obj
 0001:00012970       ??_C@_1BA@KEKPJENA@?$AAZ?$AAw?$AAC?$AAl?$AAo?$AAs?$AAe@FNODOBFM@ 0000000140013970     Reload.obj
 0001:00012980       ??_C@_1DO@PDFEEOKF@?$AA?2?$AAS?$AAy?$AAs?$AAt?$AAe?$AAm?$AAR?$AAo?$AAo?$AAt?$AA?2?$AAS?$AAy?$AAs@FNODOBFM@ 0000000140013980     Reload.obj
 0001:000129c0       ??_C@_07EGJLEIEB@NtClose@FNODOBFM@ 00000001400139c0     Reload.obj
 0001:000129d0       ??_C@_0CP@EAMEOCBF@?$FLSHARK?$FN?5import?5procedure?5ordina@FNODOBFM@ 00000001400139d0     Reload.obj
 0001:00012a00       ??_C@_0CI@CMAPPOHD@?$FLSHARK?$FN?5import?5procedure?5?$CFhs?5no@FNODOBFM@ 0000000140013a00     Reload.obj
 0001:00012a30       ??_C@_0BO@IFNGDHIG@?$FLSHARK?$FN?5import?5?$CFhs?5not?5found?6@FNODOBFM@ 0000000140013a30     Reload.obj
 0001:00012a50       ??_C@_0BH@KLCKEKHH@?$FLSHARK?$FN?5?$DM?5?$CFp?5?$DO?5?$CFs?5?$EA?$CFd?6@FNODOBFM@ 0000000140013a50     Reload.obj
 0001:00012a70       ??_C@_0BG@IEBFNECL@?$FLSHARK?$FN?5?$DM?5?$CFp?5?$DO?5?$CFs?5?$CFs?6@FNODOBFM@ 0000000140013a70     Reload.obj
 0001:00012a90       ??_C@_1CM@JIIAJDGD@?$AA?2?$AAS?$AAy?$AAs?$AAt?$AAe?$AAm?$AAR?$AAo?$AAo?$AAt?$AA?2?$AAS?$AAy?$AAs@FNODOBFM@ 0000000140013a90     Reload.obj
 0001:00012ac0       ??_C@_1O@MPIACPPA@?$AA?2?$AA?$DP?$AA?$DP?$AA?2?$AAc?$AA?3@FNODOBFM@ 0000000140013ac0     Reload.obj
 0001:00012ad0       ??_C@_1GK@PLHNLCIN@?$AA?4?$AA?$HL?$AA?$CF?$AA0?$AA8?$AAl?$AAx?$AA?9?$AA?$CF?$AA0?$AA4?$AAx?$AA?9?$AA?$CF?$AA0@FNODOBFM@ 0000000140013ad0     Reload.obj
 0002:00000000       __security_init_cookie     0000000140014000 f   bufferoverflowk:gs_support.obj
 0002:00000058       GsDriverEntry              0000000140014058 f   bufferoverflowk:gs_support.obj
 0003:00000000       __imp_ExAcquireResourceExclusiveLite 0000000140015000     ntoskrnl:ntoskrnl.exe
 0003:00000008       __imp_ExReleaseResourceLite 0000000140015008     ntoskrnl:ntoskrnl.exe
 0003:00000010       __imp_strlen               0000000140015010     ntoskrnl:ntoskrnl.exe
 0003:00000018       __imp_RtlLookupFunctionEntry 0000000140015018     ntoskrnl:ntoskrnl.exe
 0003:00000020       __imp_RtlInitUnicodeString 0000000140015020     ntoskrnl:ntoskrnl.exe
 0003:00000028       __imp_RtlCompareMemory     0000000140015028     ntoskrnl:ntoskrnl.exe
 0003:00000030       __imp_RtlInitializeBitMap  0000000140015030     ntoskrnl:ntoskrnl.exe
 0003:00000038       __imp_RtlSetBit            0000000140015038     ntoskrnl:ntoskrnl.exe
 0003:00000040       __imp_RtlClearAllBits      0000000140015040     ntoskrnl:ntoskrnl.exe
 0003:00000048       __imp_RtlFindSetBits       0000000140015048     ntoskrnl:ntoskrnl.exe
 0003:00000050       __imp_RtlClearBits         0000000140015050     ntoskrnl:ntoskrnl.exe
 0003:00000058       __imp_RtlFindNextForwardRunClear 0000000140015058     ntoskrnl:ntoskrnl.exe
 0003:00000060       __imp_KeInitializeEvent    0000000140015060     ntoskrnl:ntoskrnl.exe
 0003:00000068       __imp_KeSetEvent           0000000140015068     ntoskrnl:ntoskrnl.exe
 0003:00000070       __imp_KeWaitForSingleObject 0000000140015070     ntoskrnl:ntoskrnl.exe
 0003:00000078       __imp_ExAllocatePool       0000000140015078     ntoskrnl:ntoskrnl.exe
 0003:00000080       __imp_ExFreePoolWithTag    0000000140015080     ntoskrnl:ntoskrnl.exe
 0003:00000088       __imp_ExInterlockedInsertTailList 0000000140015088     ntoskrnl:ntoskrnl.exe
 0003:00000090       __imp_ExQueueWorkItem      0000000140015090     ntoskrnl:ntoskrnl.exe
 0003:00000098       __imp_PsGetCurrentThreadId 0000000140015098     ntoskrnl:ntoskrnl.exe
 0003:000000a0       __imp_PsGetThreadId        00000001400150a0     ntoskrnl:ntoskrnl.exe
 0003:000000a8       __imp_PsGetCurrentThreadProcess 00000001400150a8     ntoskrnl:ntoskrnl.exe
 0003:000000b0       __imp_IoGetInitialStack    00000001400150b0     ntoskrnl:ntoskrnl.exe
 0003:000000b8       __imp_MmGetSystemRoutineAddress 00000001400150b8     ntoskrnl:ntoskrnl.exe
 0003:000000c0       __imp_MmIsAddressValid     00000001400150c0     ntoskrnl:ntoskrnl.exe
 0003:000000c8       __imp_ZwOpenFile           00000001400150c8     ntoskrnl:ntoskrnl.exe
 0003:000000d0       __imp_ZwCreateSection      00000001400150d0     ntoskrnl:ntoskrnl.exe
 0003:000000d8       __imp_ZwMapViewOfSection   00000001400150d8     ntoskrnl:ntoskrnl.exe
 0003:000000e0       __imp_ZwUnmapViewOfSection 00000001400150e0     ntoskrnl:ntoskrnl.exe
 0003:000000e8       __imp_ZwClose              00000001400150e8     ntoskrnl:ntoskrnl.exe
 0003:000000f0       __imp_ZwQueryInformationThread 00000001400150f0     ntoskrnl:ntoskrnl.exe
 0003:000000f8       __imp_RtlVirtualUnwind     00000001400150f8     ntoskrnl:ntoskrnl.exe
 0003:00000100       __imp_RtlCaptureContext    0000000140015100     ntoskrnl:ntoskrnl.exe
 0003:00000108       __imp_IoGetStackLimits     0000000140015108     ntoskrnl:ntoskrnl.exe
 0003:00000110       __imp_RtlGetVersion        0000000140015110     ntoskrnl:ntoskrnl.exe
 0003:00000118       __imp_KeQueryTimeIncrement 0000000140015118     ntoskrnl:ntoskrnl.exe
 0003:00000120       __imp_IofCompleteRequest   0000000140015120     ntoskrnl:ntoskrnl.exe
 0003:00000128       __imp_IoCreateDevice       0000000140015128     ntoskrnl:ntoskrnl.exe
 0003:00000130       __imp_IoCreateSymbolicLink 0000000140015130     ntoskrnl:ntoskrnl.exe
 0003:00000138       __imp_IoDeleteDevice       0000000140015138     ntoskrnl:ntoskrnl.exe
 0003:00000140       __imp_IoDeleteSymbolicLink 0000000140015140     ntoskrnl:ntoskrnl.exe
 0003:00000148       __imp_IoRegisterDriverReinitialization 0000000140015148     ntoskrnl:ntoskrnl.exe
 0003:00000150       __imp_ObReferenceObjectByName 0000000140015150     ntoskrnl:ntoskrnl.exe
 0003:00000158       __imp_ObfDereferenceObject 0000000140015158     ntoskrnl:ntoskrnl.exe
 0003:00000160       __imp_ZwDeleteKey          0000000140015160     ntoskrnl:ntoskrnl.exe
 0003:00000168       __imp_ZwOpenKey            0000000140015168     ntoskrnl:ntoskrnl.exe
 0003:00000170       __imp_ZwQueryValueKey      0000000140015170     ntoskrnl:ntoskrnl.exe
 0003:00000178       __imp_swprintf             0000000140015178     ntoskrnl:ntoskrnl.exe
 0003:00000180       __imp___C_specific_handler 0000000140015180     ntoskrnl:ntoskrnl.exe
 0003:00000188       IoDriverObjectType         0000000140015188     ntoskrnl:ntoskrnl.exe
 0003:00000188       __imp_IoDriverObjectType   0000000140015188     ntoskrnl:ntoskrnl.exe
 0003:00000190       __imp_MmMapIoSpace         0000000140015190     ntoskrnl:ntoskrnl.exe
 0003:00000198       __imp_MmUnmapIoSpace       0000000140015198     ntoskrnl:ntoskrnl.exe
 0003:000001a0       __imp_MmGetPhysicalAddress 00000001400151a0     ntoskrnl:ntoskrnl.exe
 0003:000001a8       __imp_RtlImageNtHeader     00000001400151a8     ntoskrnl:ntoskrnl.exe
 0003:000001b0       __imp_RtlImageDirectoryEntryToData 00000001400151b0     ntoskrnl:ntoskrnl.exe
 0003:000001b8       __imp_towlower             00000001400151b8     ntoskrnl:ntoskrnl.exe
 0003:000001c0       __imp_strchr               00000001400151c0     ntoskrnl:ntoskrnl.exe
 0003:000001c8       __imp__stricmp             00000001400151c8     ntoskrnl:ntoskrnl.exe
 0003:000001d0       __imp__strnicmp            00000001400151d0     ntoskrnl:ntoskrnl.exe
 0003:000001d8       __imp_wcscat               00000001400151d8     ntoskrnl:ntoskrnl.exe
 0003:000001e0       __imp_wcscpy               00000001400151e0     ntoskrnl:ntoskrnl.exe
 0003:000001e8       __imp_wcslen               00000001400151e8     ntoskrnl:ntoskrnl.exe
 0003:000001f0       __imp_wcsrchr              00000001400151f0     ntoskrnl:ntoskrnl.exe
 0003:000001f8       __imp_RtlCharToInteger     00000001400151f8     ntoskrnl:ntoskrnl.exe
 0003:00000200       __imp_RtlInitAnsiString    0000000140015200     ntoskrnl:ntoskrnl.exe
 0003:00000208       __imp_RtlAnsiStringToUnicodeString 0000000140015208     ntoskrnl:ntoskrnl.exe
 0003:00000210       __imp_RtlEqualUnicodeString 0000000140015210     ntoskrnl:ntoskrnl.exe
 0003:00000218       __imp_RtlPrefixUnicodeString 0000000140015218     ntoskrnl:ntoskrnl.exe
 0003:00000220       __imp_RtlFreeUnicodeString 0000000140015220     ntoskrnl:ntoskrnl.exe
 0003:00000228       __imp_DbgPrint             0000000140015228     ntoskrnl:ntoskrnl.exe
 0003:00000230       __imp_ExUuidCreate         0000000140015230     ntoskrnl:ntoskrnl.exe
 0003:00000238       __imp_PsGetVersion         0000000140015238     ntoskrnl:ntoskrnl.exe
 0003:00000240       __imp_PsGetCurrentThreadProcessId 0000000140015240     ntoskrnl:ntoskrnl.exe
 0003:00000248       __imp_ZwFlushBuffersFile   0000000140015248     ntoskrnl:ntoskrnl.exe
 0003:00000250       __imp_ZwCreateFile         0000000140015250     ntoskrnl:ntoskrnl.exe
 0003:00000258       __imp_ZwQueryInformationFile 0000000140015258     ntoskrnl:ntoskrnl.exe
 0003:00000260       __imp_ZwReadFile           0000000140015260     ntoskrnl:ntoskrnl.exe
 0003:00000268       __imp_ZwWriteFile          0000000140015268     ntoskrnl:ntoskrnl.exe
 0003:00000270       __imp_strcpy_s             0000000140015270     ntoskrnl:ntoskrnl.exe
 0003:00000278       __imp_KeCapturePersistentThreadState 0000000140015278     ntoskrnl:ntoskrnl.exe
 0003:00000280       __imp_KeInitializeApc      0000000140015280     ntoskrnl:ntoskrnl.exe
 0003:00000288       __imp_KeInsertQueueApc     0000000140015288     ntoskrnl:ntoskrnl.exe
 0003:00000290       __imp_KeIpiGenericCall     0000000140015290     ntoskrnl:ntoskrnl.exe
 0003:00000298       __imp_PsLookupThreadByThreadId 0000000140015298     ntoskrnl:ntoskrnl.exe
 0003:000002a0       __imp_isxdigit             00000001400152a0     ntoskrnl:ntoskrnl.exe
 0003:000002a8       __imp_KeBugCheckEx         00000001400152a8     ntoskrnl:ntoskrnl.exe
 0003:000002b0       \177ntoskrnl_NULL_THUNK_DATA 00000001400152b0     ntoskrnl:ntoskrnl.exe
 0003:000002c0       KiFindFirstSetLeft         00000001400152c0     ExceptAMD64.obj
 0003:000003c0       KiFindFirstSetRight        00000001400153c0     ExceptAMD64.obj
 0003:000004c0       RtlNtPathSeparatorString   00000001400154c0     ExceptAMD64.obj
 0003:000004d0       ??_C@_13FPGAJAPJ@?$AA?2@   00000001400154d0     ExceptAMD64.obj
 0003:000004d8       RtlDosPathSeparatorsString 00000001400154d8     ExceptAMD64.obj
 0003:000004e8       ??_C@_15MNCACJLI@?$AA?2?$AA?1@ 00000001400154e8     ExceptAMD64.obj
 0003:000004f0       RtlAlternateDosPathSeparatorString 00000001400154f0     ExceptAMD64.obj
 0003:00000500       ??_C@_13CGOKJPIL@?$AA?1@   0000000140015500     ExceptAMD64.obj
 0003:00000510       ?s_rceCopyTable@CDetourDis@@1QBUCOPYENTRY@1@B 0000000140015510     disasm.obj
 0003:00001520       ?s_rceCopyTable0F@CDetourDis@@1QBUCOPYENTRY@1@B 0000000140016520     disasm.obj
 0003:00002530       ?s_rbModRm@CDetourDis@@1QBEB 0000000140017530     disasm.obj
 0003:00002630       ??_C@_13CGOKJPIL@?$AA?1?$AA?$AA@ 0000000140017630     detours.obj
 0003:00002634       ??_C@_15MNCACJLI@?$AA?2?$AA?1?$AA?$AA@ 0000000140017634     detours.obj
 0003:0000263c       ??_C@_13FPGAJAPJ@?$AA?2?$AA?$AA@ 000000014001763c     detours.obj
 0003:00002694       __volatile_metadata        0000000140017694     <linker-defined>
 0003:00003054       __IMPORT_DESCRIPTOR_ntoskrnl 0000000140018054     ntoskrnl:ntoskrnl.exe
 0003:00003068       __NULL_IMPORT_DESCRIPTOR   0000000140018068     ntoskrnl:ntoskrnl.exe
 0004:00000000       UnwindOpSlotTable          0000000140019000     ExceptAMD64.obj
 0004:00000010       HotPatchBuffer             0000000140019010     HOTPATCH.obj
 0004:00000410       __security_cookie          0000000140019410     bufferoverflowk:gs_support.obj
 0004:00000418       __security_cookie_complement 0000000140019418     bufferoverflowk:gs_support.obj
 0004:00000440       NonSelf                    0000000140019440     <common>
 0004:00000940       SymLinkBuffer              0000000140019940     <common>
 0004:00000b60       DeviceBuffer               0000000140019b60     <common>
 0004:00000d70       uszSymLinkString           0000000140019d70     <common>
 0004:00000d80       uszDeviceString            0000000140019d80     <common>
 0004:00000d90       uszDriverString            0000000140019d90     <common>
 0004:00000da0       MmSessionFailureCauses     0000000140019da0     <common>
 0006:00000000       RtBlock                    000000014001b000     Shark.obj
 0006:000005c0       PgBlock                    000000014001b5c0     Shark.obj

 entry point at        0002:00000058

 Static symbols

 0000:fffe1000       .debug$S                   0000000140000000     Shark.exp
 0000:fffe5000       _volmd                     0000000140000000     Guard.obj
 0000:fffe5000       _volmd                     0000000140000000     Guard.obj
 0000:fffe5000       _volmd                     0000000140000000     Guard.obj
 0000:fffe5000       _volmd                     0000000140000000     Guard.obj
 0000:fffe5000       _volmd                     0000000140000000     Guard.obj
 0000:fffe5000       _volmd                     0000000140000000     PatchGuardAMD64.obj
 0000:fffe5000       _volmd                     0000000140000000     PatchGuardAMD64.obj
 0000:fffe5000       _volmd                     0000000140000000     PatchGuardAMD64.obj
 0000:fffe5000       _volmd                     0000000140000000     PatchGuardAMD64.obj
 0000:fffe5000       _volmd                     0000000140000000     PatchGuardAMD64.obj
 0000:fffe5000       _volmd                     0000000140000000     PatchGuardAMD64.obj
 0000:fffe5000       _volmd                     0000000140000000     PatchGuardAMD64.obj
 0000:fffe5000       _volmd                     0000000140000000     PatchGuardAMD64.obj
 0000:fffe5000       _volmd                     0000000140000000     PatchGuardAMD64.obj
 0000:fffe5000       _volmd                     0000000140000000     PatchGuardAMD64.obj
 0000:fffe5000       _volmd                     0000000140000000     PatchGuardAMD64.obj
 0003:fffeb000       $unwind$InsertTailList     0000000140000000     Reload.obj
 0003:fffeb000       $unwind$RemoveEntryList    0000000140000000     Reload.obj
 0000:fffe5000       _volmd                     0000000140000000     Reload.obj
 0000:fffe5000       _volmd                     0000000140000000     Reload.obj
 0000:fffe5000       _volmd                     0000000140000000     Reload.obj
 0000:fffe5000       _volmd                     0000000140000000     Reload.obj
 0000:fffe5000       _volmd                     0000000140000000     Reload.obj
 0000:fffe5000       _volmd                     0000000140000000     Rtx.obj
 0000:fffe5000       _volmd                     0000000140000000     Rtx.obj
 0000:fffe5000       _volmd                     0000000140000000     Shark.obj
 0000:fffe5000       _volmd                     0000000140000000     Shark.obj
 0000:fffe5000       _volmd                     0000000140000000     Shark.obj
 0000:fffe5000       _volmd                     0000000140000000     Shark.obj
 0000:fffe5000       _volmd                     0000000140000000     Shark.obj
 0000:fffe5000       _volmd                     0000000140000000     Shark.obj
 0000:fffe5000       _volmd                     0000000140000000     Shark.obj
 0000:fffe5000       _volmd                     0000000140000000     StackAMD64.obj
 0000:fffe1000       .debug$S                   0000000140000000     ntoskrnl:ntoskrnl.exe
 0000:fffe1000       .debug$S                   0000000140000000     ntoskrnl:ntoskrnl.exe
 0000:fffe1000       .debug$S                   0000000140000000     ntoskrnl:ntoskrnl.exe
 0000:fffe1000       .debug$S                   0000000140000000     ntoskrnl:ntoskrnl.exe
 0000:fffe1000       .debug$S                   0000000140000000     ntoskrnl:ntoskrnl.exe
 0000:fffe1000       .debug$S                   0000000140000000     ntoskrnl:ntoskrnl.exe
 0000:fffe1000       .debug$S                   0000000140000000     ntoskrnl:ntoskrnl.exe
 0000:fffe1000       .debug$S                   0000000140000000     ntoskrnl:ntoskrnl.exe
 0000:fffe1000       .debug$S                   0000000140000000     ntoskrnl:ntoskrnl.exe
 0000:fffe1000       .debug$S                   0000000140000000     ntoskrnl:ntoskrnl.exe
 0000:fffe1000       .debug$S                   0000000140000000     ntoskrnl:ntoskrnl.exe
 0000:fffe1000       .debug$S                   0000000140000000     ntoskrnl:ntoskrnl.exe
 0000:fffe1000       .debug$S                   0000000140000000     ntoskrnl:ntoskrnl.exe
 0000:fffe1000       .debug$S                   0000000140000000     ntoskrnl:ntoskrnl.exe
 0000:fffe1000       .debug$S                   0000000140000000     ntoskrnl:ntoskrnl.exe
 0000:fffe1000       .debug$S                   0000000140000000     ntoskrnl:ntoskrnl.exe
 0000:fffe1000       .debug$S                   0000000140000000     ntoskrnl:ntoskrnl.exe
 0000:fffe1000       .debug$S                   0000000140000000     ntoskrnl:ntoskrnl.exe
 0000:fffe1000       .debug$S                   0000000140000000     ntoskrnl:ntoskrnl.exe
 0000:fffe1000       .debug$S                   0000000140000000     ntoskrnl:ntoskrnl.exe
 0000:fffe1000       .debug$S                   0000000140000000     ntoskrnl:ntoskrnl.exe
 0000:fffe1000       .debug$S                   0000000140000000     ntoskrnl:ntoskrnl.exe
 0000:fffe1000       .debug$S                   0000000140000000     ntoskrnl:ntoskrnl.exe
 0000:fffe1000       .debug$S                   0000000140000000     ntoskrnl:ntoskrnl.exe
 0000:fffe1000       .debug$S                   0000000140000000     ntoskrnl:ntoskrnl.exe
 0000:fffe1000       .debug$S                   0000000140000000     ntoskrnl:ntoskrnl.exe
 0000:fffe1000       .debug$S                   0000000140000000     ntoskrnl:ntoskrnl.exe
 0000:fffe1000       .debug$S                   0000000140000000     ntoskrnl:ntoskrnl.exe
 0000:fffe1000       .debug$S                   0000000140000000     ntoskrnl:ntoskrnl.exe
 0000:fffe1000       .debug$S                   0000000140000000     ntoskrnl:ntoskrnl.exe
 0000:fffe1000       .debug$S                   0000000140000000     ntoskrnl:ntoskrnl.exe
 0000:fffe1000       .debug$S                   0000000140000000     ntoskrnl:ntoskrnl.exe
 0000:fffe1000       .debug$S                   0000000140000000     ntoskrnl:ntoskrnl.exe
 0000:fffe1000       .debug$S                   0000000140000000     ntoskrnl:ntoskrnl.exe
 0000:fffe1000       .debug$S                   0000000140000000     ntoskrnl:ntoskrnl.exe
 0000:fffe1000       .debug$S                   0000000140000000     ntoskrnl:ntoskrnl.exe
 0000:fffe1000       .debug$S                   0000000140000000     ntoskrnl:ntoskrnl.exe
 0000:fffe1000       .debug$S                   0000000140000000     ntoskrnl:ntoskrnl.exe
 0000:fffe1000       .debug$S                   0000000140000000     ntoskrnl:ntoskrnl.exe
 0000:fffe1000       .debug$S                   0000000140000000     ntoskrnl:ntoskrnl.exe
 0000:fffe1000       .debug$S                   0000000140000000     ntoskrnl:ntoskrnl.exe
 0000:fffe1000       .debug$S                   0000000140000000     ntoskrnl:ntoskrnl.exe
 0000:fffe1000       .debug$S                   0000000140000000     ntoskrnl:ntoskrnl.exe
 0000:fffe1000       .debug$S                   0000000140000000     ntoskrnl:ntoskrnl.exe
 0000:fffe1000       .debug$S                   0000000140000000     ntoskrnl:ntoskrnl.exe
 0000:fffe1000       .debug$S                   0000000140000000     ntoskrnl:ntoskrnl.exe
 0000:fffe1000       .debug$S                   0000000140000000     ntoskrnl:ntoskrnl.exe
 0000:fffe1000       .debug$S                   0000000140000000     ntoskrnl:ntoskrnl.exe
 0000:fffe1000       .debug$S                   0000000140000000     ntoskrnl:ntoskrnl.exe
 0000:fffe1000       .debug$S                   0000000140000000     ntoskrnl:ntoskrnl.exe
 0000:fffe1000       .debug$S                   0000000140000000     ntoskrnl:ntoskrnl.exe
 0000:fffe1000       .debug$S                   0000000140000000     ntoskrnl:ntoskrnl.exe
 0000:fffe1000       .debug$S                   0000000140000000     ntoskrnl:ntoskrnl.exe
 0000:fffe1000       .debug$S                   0000000140000000     ntoskrnl:ntoskrnl.exe
 0000:fffe1000       .debug$S                   0000000140000000     ntoskrnl:ntoskrnl.exe
 0000:fffe1000       .debug$S                   0000000140000000     ntoskrnl:ntoskrnl.exe
 0000:fffe1000       .debug$S                   0000000140000000     ntoskrnl:ntoskrnl.exe
 0000:fffe1000       .debug$S                   0000000140000000     ntoskrnl:ntoskrnl.exe
 0000:fffe1000       .debug$S                   0000000140000000     ntoskrnl:ntoskrnl.exe
 0000:fffe1000       .debug$S                   0000000140000000     ntoskrnl:ntoskrnl.exe
 0000:fffe1000       .debug$S                   0000000140000000     ntoskrnl:ntoskrnl.exe
 0000:fffe1000       .debug$S                   0000000140000000     ntoskrnl:ntoskrnl.exe
 0000:fffe1000       .debug$S                   0000000140000000     ntoskrnl:ntoskrnl.exe
 0000:fffe1000       .debug$S                   0000000140000000     ntoskrnl:ntoskrnl.exe
 0000:fffe1000       .debug$S                   0000000140000000     ntoskrnl:ntoskrnl.exe
 0000:fffe1000       .debug$S                   0000000140000000     ntoskrnl:ntoskrnl.exe
 0000:fffe1000       .debug$S                   0000000140000000     ntoskrnl:ntoskrnl.exe
 0000:fffe1000       .debug$S                   0000000140000000     ntoskrnl:ntoskrnl.exe
 0000:fffe1000       .debug$S                   0000000140000000     ntoskrnl:ntoskrnl.exe
 0000:fffe1000       .debug$S                   0000000140000000     ntoskrnl:ntoskrnl.exe
 0000:fffe1000       .debug$S                   0000000140000000     ntoskrnl:ntoskrnl.exe
 0000:fffe1000       .debug$S                   0000000140000000     ntoskrnl:ntoskrnl.exe
 0000:fffe1000       .debug$S                   0000000140000000     ntoskrnl:ntoskrnl.exe
 0000:fffe1000       .debug$S                   0000000140000000     ntoskrnl:ntoskrnl.exe
 0000:fffe1000       .debug$S                   0000000140000000     ntoskrnl:ntoskrnl.exe
 0000:fffe1000       .debug$S                   0000000140000000     ntoskrnl:ntoskrnl.exe
 0000:fffe1000       .debug$S                   0000000140000000     ntoskrnl:ntoskrnl.exe
 0000:fffe1000       .debug$S                   0000000140000000     ntoskrnl:ntoskrnl.exe
 0000:fffe1000       .debug$S                   0000000140000000     ntoskrnl:ntoskrnl.exe
 0000:fffe1000       .debug$S                   0000000140000000     ntoskrnl:ntoskrnl.exe
 0000:fffe1000       .debug$S                   0000000140000000     ntoskrnl:ntoskrnl.exe
 0000:fffe1000       .debug$S                   0000000140000000     ntoskrnl:ntoskrnl.exe
 0000:fffe1000       .debug$S                   0000000140000000     ntoskrnl:ntoskrnl.exe
 0000:fffe1000       .debug$S                   0000000140000000     ntoskrnl:ntoskrnl.exe
 0000:fffe1000       .debug$S                   0000000140000000     ntoskrnl:ntoskrnl.exe
 0000:fffe1000       .debug$S                   0000000140000000     ntoskrnl:ntoskrnl.exe
 0001:00000070       $$000000                   0000000140001070     ntoskrnl:memcpy.obj
 0001:000003c0       $$000000                   00000001400013c0     ntoskrnl:memset.obj
 0001:000004c0       $$000000                   00000001400014c0     ntoskrnl:memcmp.obj
 0001:000005a0       $$000000                   00000001400015a0     bufferoverflowk:amdsecgs.obj
 0001:00001138       $LN40                      0000000140002138     ExceptAMD64.obj
 0001:0000f060       $LN18                      0000000140010060     Reload.obj
 0001:00011a80       $$000000                   0000000140012a80     AMD64.obj
 0001:00011aa0       $$000000                   0000000140012aa0     CmpAMD64.obj
 0001:00011af0       $$000000                   0000000140012af0     ContextAMD64.obj
 0001:00012b40       DeviceControl$filt$0       0000000140013b40 f   Shark.obj
 0001:00012b60       DriverEntry$filt$0         0000000140013b60 f   Shark.obj
 0001:00012b80       KernelEntry$filt$0         0000000140013b80 f   Shark.obj
 0001:00012ba0       Reinitialize$filt$0        0000000140013ba0 f   Shark.obj
 0001:00012bc0       GuardCall$filt$0           0000000140013bc0 f   Rtx.obj
 0003:00002998       $unwind$InsertInvertedFunctionTable 0000000140017998     ExceptAMD64.obj
 0003:000029a0       $unwind$RemoveInvertedFunctionTable 00000001400179a0     ExceptAMD64.obj
 0003:000029a8       $unwind$UnwindPrologue     00000001400179a8     ExceptAMD64.obj
 0003:000029b0       $unwind$VirtualUnwind      00000001400179b0     ExceptAMD64.obj
 0003:000029b8       $unwind$InsertTailList     00000001400179b8     PatchGuardAMD64.obj
 0003:000029c0       $unwind$PgClear            00000001400179c0     PatchGuardAMD64.obj
 0003:000029c8       $unwind$GetProcessFirstThread 00000001400179c8     PatchGuardAMD64.obj
 0003:000029d0       $unwind$PgFreeWorker       00000001400179d0     PatchGuardAMD64.obj
 0003:000029d8       $unwind$PgClearCallback    00000001400179d8     PatchGuardAMD64.obj
 0003:000029e0       $unwind$InitializePgBlock  00000001400179e0     PatchGuardAMD64.obj
 0003:000029f4       $unwind$PgCreateObject     00000001400179f4     PatchGuardAMD64.obj
 0003:000029fc       $unwind$PgSetNewEntry      00000001400179fc     PatchGuardAMD64.obj
 0003:00002a0c       $unwind$PgScanEntryWithBtc 0000000140017a0c     PatchGuardAMD64.obj
 0003:00002a14       $unwind$PgSetNewEntryWithBtc 0000000140017a14     PatchGuardAMD64.obj
 0003:00002a28       $unwind$PgFastScanTimer    0000000140017a28     PatchGuardAMD64.obj
 0003:00002a38       $unwind$PgFastScanBranch   0000000140017a38     PatchGuardAMD64.obj
 0003:00002a48       $unwind$PgSetTimerNewEntry 0000000140017a48     PatchGuardAMD64.obj
 0003:00002a58       $unwind$PgSetBranchNewEntry 0000000140017a58     PatchGuardAMD64.obj
 0003:00002a68       $unwind$PgCompareDoubleEncryptedFields 0000000140017a68     PatchGuardAMD64.obj
 0003:00002a70       $unwind$PgCompareFields    0000000140017a70     PatchGuardAMD64.obj
 0003:00002a78       $unwind$InitializeSystemPtesBitMap 0000000140017a78     PatchGuardAMD64.obj
 0003:00002a80       $unwind$PgClearSystemPtesEncryptedContext 0000000140017a80     PatchGuardAMD64.obj
 0003:00002a88       $unwind$FastScanPool       0000000140017a88     PatchGuardAMD64.obj
 0003:00002a90       $unwind$PgClearPoolEncryptedContext 0000000140017a90     PatchGuardAMD64.obj
 0003:00002a98       $unwind$PgLocatePoolObject 0000000140017a98     PatchGuardAMD64.obj
 0003:00002aa0       $unwind$PgLocateSystemPtesObject 0000000140017aa0     PatchGuardAMD64.obj
 0003:00002aa8       $unwind$PgLocateAllObject  0000000140017aa8     PatchGuardAMD64.obj
 0003:00002ab0       $unwind$PgCheckAllWorkerThread 0000000140017ab0     PatchGuardAMD64.obj
 0003:00002ac4       $unwind$PgClearAll         0000000140017ac4     PatchGuardAMD64.obj
 0003:00002acc       $unwind$PgClearWorker      0000000140017acc     PatchGuardAMD64.obj
 0003:00002ad4       $unwind$GetVaMappedByPxe   0000000140017ad4     SpaceAMD64.obj
 0003:00002adc       $unwind$GetVaMappedByPpe   0000000140017adc     SpaceAMD64.obj
 0003:00002ae4       $unwind$GetVaMappedByPde   0000000140017ae4     SpaceAMD64.obj
 0003:00002aec       $unwind$WalkFrameChain     0000000140017aec     StackAMD64.obj
 0003:00002b00       $unwind$RemoveEntryList    0000000140017b00     Shark.obj
 0003:00002b08       $unwind$DriverUnload       0000000140017b08     Shark.obj
 0003:00002b10       $unwind$DeviceCreate       0000000140017b10     Shark.obj
 0003:00002b18       $unwind$DeviceClose        0000000140017b18     Shark.obj
 0003:00002b20       $unwind$DeviceWrite        0000000140017b20     Shark.obj
 0003:00002b28       $unwind$DeviceRead         0000000140017b28     Shark.obj
 0003:00002b30       $unwind$DeviceControl      0000000140017b30     Shark.obj
 0003:00002b50       $unwind$DeviceControl$filt$0 0000000140017b50     Shark.obj
 0003:00002b58       $unwind$_hEncrypt          0000000140017b58     Shark.obj
 0003:00002b60       $unwind$_hEncrypt_DEC      0000000140017b60     Shark.obj
 0003:00002b68       $unwind$Brother_Verification 0000000140017b68     Shark.obj
 0003:00002b70       $unwind$Brother_getKey     0000000140017b70     Shark.obj
 0003:00002b78       $unwind$KernelFastCall     0000000140017b78     Shark.obj
 0003:00002b80       $unwind$ReloadSelf         0000000140017b80     Shark.obj
 0003:00002b88       $unwind$KernelEntry        0000000140017b88     Shark.obj
 0003:00002ba8       $unwind$KernelEntry$filt$0 0000000140017ba8     Shark.obj
 0003:00002bb0       $unwind$CreateDriverObject 0000000140017bb0     Shark.obj
 0003:00002bb8       $unwind$GetProcAddress     0000000140017bb8     Shark.obj
 0003:00002bc0       $unwind$Get_MiProcessLoaderEntry_WIN_7 0000000140017bc0     Shark.obj
 0003:00002bd4       $unwind$Get_MiProcessLoaderEntry_WIN_8 0000000140017bd4     Shark.obj
 0003:00002be8       $unwind$Get_MiProcessLoaderEntry_WIN_8_1 0000000140017be8     Shark.obj
 0003:00002bfc       $unwind$Get_MiProcessLoaderEntry_WIN_10 0000000140017bfc     Shark.obj
 0003:00002c10       $unwind$Get_MiProcessLoaderEntry_WIN_10_2 0000000140017c10     Shark.obj
 0003:00002c18       $unwind$Get_MiProcessLoaderEntry 0000000140017c18     Shark.obj
 0003:00002c2c       $unwind$GetDriverObjectByName 0000000140017c2c     Shark.obj
 0003:00002c34       $unwind$SupportSEH         0000000140017c34     Shark.obj
 0003:00002c3c       $unwind$InitInLoadOrderLinks 0000000140017c3c     Shark.obj
 0003:00002c44       $unwind$Reinitialize       0000000140017c44     Shark.obj
 0003:00002c6c       $unwind$Reinitialize$filt$0 0000000140017c6c     Shark.obj
 0003:00002c74       $unwind$DriverEntry        0000000140017c74     Shark.obj
 0003:00002c98       $unwind$DriverEntry$filt$0 0000000140017c98     Shark.obj
 0003:00002ca0       $unwind$MapLockedCopyInstruction 0000000140017ca0     Guard.obj
 0003:00002ca8       $unwind$MapLockedBuildJumpCode 0000000140017ca8     Guard.obj
 0003:00002cb8       $unwind$LockedCopyInstruction 0000000140017cb8     Guard.obj
 0003:00002cc0       $unwind$LockedBuildJumpCode 0000000140017cc0     Guard.obj
 0003:00002cd0       $unwind$BuildJumpCode      0000000140017cd0     Guard.obj
 0003:00002ce0       $unwind$GuardAttach        0000000140017ce0     Guard.obj
 0003:00002ce8       $unwind$GuardDetach        0000000140017ce8     Guard.obj
 0003:00002cf0       $unwind$SafeGuardAttach    0000000140017cf0     Guard.obj
 0003:00002cf8       $unwind$SafeGuardDetach    0000000140017cf8     Guard.obj
 0003:00002d00       $unwind$GuardAllocateTrampoline 0000000140017d00     Guard.obj
 0003:00002d08       $unwind$GuardFreeTrampoline 0000000140017d08     Guard.obj
 0003:00002d10       $unwind$DisCopy8B          0000000140017d10     Guard.obj
 0003:00002d18       $unwind$CaptureImageExceptionValues 0000000140017d18     Except.obj
 0003:00002d20       $unwind$InitializeGpBlock  0000000140017d20     Reload.obj
 0003:00002d34       $unwind$LdrMakeProtection  0000000140017d34     Reload.obj
 0003:00002d44       $unwind$LdrGetPlatform     0000000140017d44     Reload.obj
 0003:00002d4c       $unwind$LdrGetTimeStamp    0000000140017d4c     Reload.obj
 0003:00002d54       $unwind$LdrGetSubsystem    0000000140017d54     Reload.obj
 0003:00002d5c       $unwind$LdrGetSize         0000000140017d5c     Reload.obj
 0003:00002d64       $unwind$LdrGetEntryPoint   0000000140017d64     Reload.obj
 0003:00002d6c       $unwind$SectionTableFromVirtualAddress 0000000140017d6c     Reload.obj
 0003:00002d74       $unwind$LdrFindSection     0000000140017d74     Reload.obj
 0003:00002d84       $unwind$LdrRelocImage      0000000140017d84     Reload.obj
 0003:00002d8c       $unwind$FindEntryForImage  0000000140017d8c     Reload.obj
 0003:00002d94       $unwind$FindEntryForImageAddress 0000000140017d94     Reload.obj
 0003:00002d9c       $unwind$LdrGetSymbol       0000000140017d9c     Reload.obj
 0003:00002da4       $unwind$LdrNameToAddress   0000000140017da4     Reload.obj
 0003:00002dac       $unwind$LdrSnapThunk       0000000140017dac     Reload.obj
 0003:00002db4       $unwind$LdrEnumerateThunk  0000000140017db4     Reload.obj
 0003:00002dbc       $unwind$LdrReplaceThunk    0000000140017dbc     Reload.obj
 0003:00002dc4       $unwind$LdrSetImageBase    0000000140017dc4     Reload.obj
 0003:00002dcc       $unwind$LdrLoad            0000000140017dcc     Reload.obj
 0003:00002dd4       $unwind$LdrUnload          0000000140017dd4     Reload.obj
 0003:00002ddc       $unwind$DumpImageWorker    0000000140017ddc     Reload.obj
 0003:00002df8       $unwind$DumpFileWorker     0000000140017df8     Reload.obj
 0003:00002e14       $unwind$LdrGetRelocCount   0000000140017e14     Reload.obj
 0003:00002e1c       $unwind$LdrRelocBlock      0000000140017e1c     Reload.obj
 0003:00002e24       $unwind$LdrForward         0000000140017e24     Reload.obj
 0003:00002e30       $unwind$LdrNameToNumber    0000000140017e30     Reload.obj
 0003:00002e3c       $unwind$LdrLoadImport      0000000140017e3c     Reload.obj
 0003:00002e44       $unwind$LdrAllocate        0000000140017e44     Reload.obj
 0003:00002e4c       $unwind$LdrMapSection      0000000140017e4c     Reload.obj
 0003:00002e54       $unwind$GuardCall          0000000140017e54     Rtx.obj
 0003:00002e74       $unwind$GuardCall$filt$0   0000000140017e74     Rtx.obj
 0003:00002e7c       $unwind$AsyncCall          0000000140017e7c     Rtx.obj
 0003:00002e88       $unwind$IpiSingleCall      0000000140017e88     Rtx.obj
 0003:00002e94       $unwind$IpiGenericCall     0000000140017e94     Rtx.obj
 0003:00002ea0       $unwind$AsyncDispatcher    0000000140017ea0     Rtx.obj
 0003:00002ea8       $unwind$IpiDispatcher      0000000140017ea8     Rtx.obj
 0003:00002eb0       $unwind$ScanBytes          0000000140017eb0     Scan.obj
 0003:00002eb8       $unwind$TrimBytes          0000000140017eb8     Scan.obj
 0003:00002ec0       $unwind$CompareBytes       0000000140017ec0     Scan.obj
 0003:00002ec8       $unwind$FlushSingleTb      0000000140017ec8     Space.obj
 0003:00002ed0       $unwind$_FlushMultipleTb   0000000140017ed0     Space.obj
 0003:00002ed8       $unwind$FlushMultipleTb    0000000140017ed8     Space.obj
 0003:00002ee0       $unwind$WalkImageSymbol    0000000140017ee0     Stack.obj
 0003:00002ee8       $unwind$FindSymbol         0000000140017ee8     Stack.obj
 0003:00002ef0       $unwind$FindAndPrintSymbol 0000000140017ef0     Stack.obj
 0003:00002ef8       $unwind$PrintFrameChain    0000000140017ef8     Stack.obj
 0003:00002f00       $unwind$__GSHandlerCheckCommon 0000000140017f00     gshandler.obj
 0003:00002f0c       $unwind$__GSHandlerCheck   0000000140017f0c     gshandler.obj
 0003:00002f18       $unwind$__GSHandlerCheck_SEH 0000000140017f18     gshandlerseh.obj
 0003:00002f34       $unwind$DetourCopyInstruction 0000000140017f34     disasm.obj
 0003:00002f44       $unwind$??0CDetourDis@@QEAA@PEAPEAEPEAJ@Z 0000000140017f44     disasm.obj
 0003:00002f4c       $unwind$?CopyInstruction@CDetourDis@@QEAAPEAEPEAE0@Z 0000000140017f4c     disasm.obj
 0003:00002f54       $unwind$?SanityCheckSystem@CDetourDis@@SAHXZ 0000000140017f54     disasm.obj
 0003:00002f5c       $unwind$?CopyBytes@CDetourDis@@IEAAPEAEPEBUCOPYENTRY@1@PEAE1@Z 0000000140017f5c     disasm.obj
 0003:00002f64       $unwind$?CopyBytesPrefix@CDetourDis@@IEAAPEAEPEBUCOPYENTRY@1@PEAE1@Z 0000000140017f64     disasm.obj
 0003:00002f6c       $unwind$?CopyBytesRax@CDetourDis@@IEAAPEAEPEBUCOPYENTRY@1@PEAE1@Z 0000000140017f6c     disasm.obj
 0003:00002f74       $unwind$?CopyBytesJump@CDetourDis@@IEAAPEAEPEBUCOPYENTRY@1@PEAE1@Z 0000000140017f74     disasm.obj
 0003:00002f7c       $unwind$?AdjustTarget@CDetourDis@@IEAAPEAEPEAE0JJJ@Z 0000000140017f7c     disasm.obj
 0003:00002f84       $unwind$?Copy0F@CDetourDis@@IEAAPEAEPEBUCOPYENTRY@1@PEAE1@Z 0000000140017f84     disasm.obj
 0003:00002f8c       $unwind$?Copy66@CDetourDis@@IEAAPEAEPEBUCOPYENTRY@1@PEAE1@Z 0000000140017f8c     disasm.obj
 0003:00002f94       $unwind$?Copy67@CDetourDis@@IEAAPEAEPEBUCOPYENTRY@1@PEAE1@Z 0000000140017f94     disasm.obj
 0003:00002f9c       $unwind$?CopyF6@CDetourDis@@IEAAPEAEPEBUCOPYENTRY@1@PEAE1@Z 0000000140017f9c     disasm.obj
 0003:00002fa4       $unwind$?CopyF7@CDetourDis@@IEAAPEAEPEBUCOPYENTRY@1@PEAE1@Z 0000000140017fa4     disasm.obj
 0003:00002fac       $unwind$?CopyFF@CDetourDis@@IEAAPEAEPEBUCOPYENTRY@1@PEAE1@Z 0000000140017fac     disasm.obj
 0003:00002fb4       $unwind$DetourGetInstructionLength 0000000140017fb4     detours.obj
 0003:00002fc0       $xdatasym                  0000000140017fc0     ntoskrnl:memcpy.obj
 0003:00002fc8       $xdatasym                  0000000140017fc8     ntoskrnl:memset.obj
 0003:00002fd0       $xdatasym                  0000000140017fd0     ntoskrnl:memcmp.obj
 0003:00002fd4       $unwind$GsDriverEntry      0000000140017fd4     bufferoverflowk:gs_support.obj
 0003:00002fdc       $unwind$__report_gsfailure 0000000140017fdc     bufferoverflowk:gs_report.obj
 0003:00002ff0       .edata                     0000000140017ff0     Shark.exp
 0003:00003018       rgpv                       0000000140018018     Shark.exp
 0003:00003020       rgszName                   0000000140018020     Shark.exp
 0003:00003028       rgwOrd                     0000000140018028     Shark.exp
 0003:0000302c       szName                     000000014001802c     Shark.exp
 0003:00003036       $N00001                    0000000140018036     Shark.exp
 0003:00003042       $N00002                    0000000140018042     Shark.exp
 0003:000039d8       .idata$6                   00000001400189d8     ntoskrnl:ntoskrnl.exe
 0004:00000420       wKey                       0000000140019420     Shark.obj
 0007:00000060       $R000000                   000000014001d060     Shark.res
